≡ƒº¬ Testing n8n Webhook Connections...
≡ƒöù Testing Reroute Webhook: http://localhost:5678/webhook/notification-trigger
Reroute Webhook Status: 500 Internal Server Error
≡ƒöù Testing Maintenance Webhook: http://localhost:5678/webhook/maintenance-ticket
Maintenance Webhook Status: 200 OK
